<html>
<body>
<pre>
<h1>µVision Build Log</h1>
<h2>Project:</h2>
C:\work\SmartAlarm\smartAlarmCube\MDK-ARM\smartAlarmCube.uvproj
Project File Date:  07/09/2017

<h2>Output:</h2>
Rebuild target 'smartAlarmCube'
assembling startup_stm32f103xb.s...
compiling system_stm32f1xx.c...
compiling stm32f1xx_hal_msp.c...
compiling stm32f1xx_it.c...
compiling main.c...
compiling stm32f1xx_hal_dma.c...
compiling stm32f1xx_hal_gpio.c...
compiling stm32f1xx_hal_pwr.c...
compiling stm32f1xx_hal_cortex.c...
compiling stm32f1xx_hal_flash_ex.c...
compiling stm32f1xx_hal_rcc_ex.c...
compiling stm32f1xx_hal_rcc.c...
compiling stm32f1xx_hal_gpio_ex.c...
compiling stm32f1xx_hal.c...
compiling stm32f1xx_hal_flash.c...
compiling stm32f1xx_hal_pcd.c...
compiling stm32f1xx_ll_usb.c...
compiling stm32f1xx_hal_pcd_ex.c...
linking...
Program Size: Code=3992 RO-data=284 RW-data=8 ZI-data=2080  
"smartAlarmCube\smartAlarmCube.axf" - 0 Error(s), 0 Warning(s).
Load "smartAlarmCube\\smartAlarmCube.axf" 
Erase Done.
Programming Done.
Verify OK.
